../Core/Src/main.c:131:6:Update_TIM1_ARR	16	static
../Core/Src/main.c:141:6:HAL_TIM_PeriodElapsedCallback	16	static
../Core/Src/main.c:162:6:Soft_Start_Function	8	static
../Core/Src/main.c:175:5:main	8	static
../Core/Src/main.c:236:6:SystemClock_Config	88	static
../Core/Src/main.c:283:13:MX_ADC1_Init	24	static
../Core/Src/main.c:335:13:MX_TIM1_Init	32	static
../Core/Src/main.c:381:13:MX_TIM2_Init	64	static
../Core/Src/main.c:448:13:MX_TIM3_Init	32	static
../Core/Src/main.c:491:13:MX_DMA_Init	16	static
../Core/Src/main.c:509:13:MX_GPIO_Init	16	static
../Core/Src/main.c:525:6:Error_Handler	4	static,ignoring_inline_asm
